\BOOKMARK [0][-]{chapter.1}{\376\377\000\301\000l\000g\000e\000b\000r\000a\000\040\000L\000i\000n\000e\000a\000r}{}% 1
\BOOKMARK [1][-]{section.1.1}{\376\377\000S\000i\000s\000t\000e\000m\000a\000s\000\040\000d\000e\000\040\000e\000q\000u\000a\000\347\000\365\000e\000s\000\040\000l\000i\000n\000e\000a\000r\000e\000s}{chapter.1}% 2
\BOOKMARK [1][-]{section.1.2}{\376\377\000D\000e\000f\000i\000n\000i\000\347\000\365\000e\000s\000\040\000e\000\040\000p\000r\000o\000p\000r\000i\000e\000d\000a\000d\000e\000s\000\040\000d\000e\000\040\000m\000a\000t\000r\000i\000z\000e\000s}{chapter.1}% 3
\BOOKMARK [1][-]{section.1.3}{\376\377\000E\000s\000p\000a\000\347\000o\000\040\000v\000e\000t\000o\000r\000i\000a\000l\000\040\000E\000u\000c\000l\000i\000d\000i\000a\000n\000o}{chapter.1}% 4
\BOOKMARK [1][-]{section.1.4}{\376\377\000E\000s\000p\000a\000\347\000o\000\040\000v\000e\000t\000o\000r\000i\000a\000l\000\040\000G\000e\000r\000a\000l}{chapter.1}% 5
\BOOKMARK [1][-]{section.1.5}{\376\377\000E\000s\000p\000a\000\347\000o\000s\000\040\000c\000o\000m\000\040\000p\000r\000o\000d\000u\000t\000o\000\040\000i\000n\000t\000e\000r\000n\000o}{chapter.1}% 6
\BOOKMARK [1][-]{section.1.6}{\376\377\000P\000o\000s\000t\000o\000\040\000e\000\040\000n\000u\000l\000i\000d\000a\000d\000e}{chapter.1}% 7
\BOOKMARK [1][-]{section.1.7}{\376\377\000A\000u\000t\000o\000v\000a\000l\000o\000r\000e\000s\000\040\000e\000\040\000a\000u\000t\000o\000v\000e\000t\000o\000r\000e\000s}{chapter.1}% 8
\BOOKMARK [1][-]{section.1.8}{\376\377\000S\000e\000m\000e\000l\000h\000a\000n\000\347\000a\000\040\000e\000\040\000D\000i\000a\000g\000o\000n\000a\000l\000i\000z\000a\000\347\000\343\000o}{chapter.1}% 9
\BOOKMARK [1][-]{section.1.9}{\376\377\000D\000i\000a\000g\000o\000n\000a\000l\000i\000z\000a\000\347\000\343\000o\000\040\000o\000r\000t\000o\000g\000o\000n\000a\000l}{chapter.1}% 10
\BOOKMARK [1][-]{section.1.10}{\376\377\000F\000o\000r\000m\000a\000s\000\040\000l\000i\000n\000e\000a\000r\000e\000s\000\040\000e\000\040\000q\000u\000a\000d\000r\000\341\000t\000i\000c\000a\000s}{chapter.1}% 11
\BOOKMARK [1][-]{section.1.11}{\376\377\000M\000a\000t\000r\000i\000z\000e\000s\000\040\000e\000m\000\040\000b\000l\000o\000c\000o\000s}{chapter.1}% 12
\BOOKMARK [1][-]{section.1.12}{\376\377\000D\000e\000r\000i\000v\000a\000d\000a\000s}{chapter.1}% 13
\BOOKMARK [0][-]{chapter.2}{\376\377\000P\000r\000o\000b\000a\000b\000i\000l\000i\000d\000a\000d\000e}{}% 14
\BOOKMARK [1][-]{section.2.1}{\376\377\000D\000i\000s\000t\000r\000i\000b\000u\000i\000\347\000\365\000e\000s}{chapter.2}% 15
\BOOKMARK [2][-]{subsection.2.1.1}{\376\377\000D\000i\000s\000t\000r\000i\000b\000u\000i\000\347\000\365\000e\000s\000\040\000d\000i\000s\000c\000r\000e\000t\000a\000s}{section.2.1}% 16
\BOOKMARK [2][-]{subsection.2.1.2}{\376\377\000D\000i\000s\000t\000r\000i\000b\000u\000i\000\347\000\365\000e\000s\000\040\000c\000o\000n\000t\000\355\000n\000u\000a\000s}{section.2.1}% 17
\BOOKMARK [1][-]{section.2.2}{\376\377\000P\000r\000o\000b\000a\000b\000i\000l\000i\000d\000a\000d\000e\000\040\000e\000\040\000i\000n\000d\000e\000p\000e\000n\000d\000\352\000n\000c\000i\000a\000\040\000c\000o\000n\000d\000i\000c\000i\000o\000n\000a\000l}{chapter.2}% 18
\BOOKMARK [1][-]{section.2.3}{\376\377\000E\000s\000p\000e\000r\000a\000n\000\347\000a\000,\000\040\000v\000a\000r\000i\000\342\000n\000c\000i\000a\000\040\000e\000\040\000c\000o\000v\000a\000r\000i\000\342\000n\000c\000i\000a}{chapter.2}% 19
\BOOKMARK [1][-]{section.2.4}{\376\377\000T\000r\000a\000n\000s\000f\000o\000r\000m\000a\000\347\000\365\000e\000s}{chapter.2}% 20
\BOOKMARK [1][-]{section.2.5}{\376\377\000V\000e\000t\000o\000r\000\040\000a\000l\000e\000a\000t\000\363\000r\000i\000o}{chapter.2}% 21
\BOOKMARK [0][-]{chapter.3}{\376\377\000I\000n\000f\000e\000r\000\352\000n\000c\000i\000a}{}% 22
\BOOKMARK [1][-]{section.3.1}{\376\377\000D\000i\000s\000t\000r\000i\000b\000u\000i\000\347\000\365\000e\000s\000\040\000a\000m\000o\000s\000t\000r\000a\000i\000s}{chapter.3}% 23
\BOOKMARK [2][-]{subsection.3.1.1}{\376\377\000E\000s\000t\000a\000t\000\355\000s\000t\000i\000c\000a\000s\000\040\000d\000e\000\040\000o\000r\000d\000e\000m}{section.3.1}% 24
\BOOKMARK [1][-]{section.3.2}{\376\377\000R\000e\000d\000u\000\347\000\343\000o\000\040\000d\000e\000\040\000d\000a\000d\000o\000s}{chapter.3}% 25
\BOOKMARK [1][-]{section.3.3}{\376\377\000E\000s\000t\000i\000m\000a\000\347\000\343\000o\000\040\000P\000o\000n\000t\000u\000a\000l\000\040\000I}{chapter.3}% 26
\BOOKMARK [1][-]{section.3.4}{\376\377\000E\000s\000t\000i\000m\000a\000\347\000\343\000o\000\040\000P\000o\000n\000t\000u\000a\000l\000\040\000I\000I}{chapter.3}% 27
\BOOKMARK [1][-]{section.3.5}{\376\377\000E\000s\000t\000i\000m\000a\000\347\000\343\000o\000\040\000i\000n\000t\000e\000r\000v\000a\000l\000a\000r}{chapter.3}% 28
\BOOKMARK [1][-]{section.3.6}{\376\377\000T\000e\000s\000t\000e\000s\000\040\000d\000e\000\040\000h\000i\000p\000\363\000t\000e\000s\000e\000s\000\040\000I}{chapter.3}% 29
\BOOKMARK [1][-]{section.3.7}{\376\377\000T\000e\000s\000t\000e\000s\000\040\000d\000e\000\040\000h\000i\000p\000\363\000t\000e\000s\000e\000s\000\040\000I\000I}{chapter.3}% 30
\BOOKMARK [0][-]{chapter.4}{\376\377\000N\000o\000r\000m\000a\000l\000\040\000m\000u\000l\000t\000i\000v\000a\000r\000i\000a\000d\000a}{}% 31
\BOOKMARK [1][-]{section.4.1}{\376\377\000D\000i\000s\000t\000r\000i\000b\000u\000i\000\347\000\343\000o\000\040\000n\000o\000r\000m\000a\000l\000\040\000m\000u\000l\000t\000i\000v\000a\000r\000i\000a\000d\000a}{chapter.4}% 32
\BOOKMARK [1][-]{section.4.2}{\376\377\000D\000i\000s\000t\000r\000i\000b\000u\000i\000\347\000\365\000e\000s\000\040\000d\000e\000\040\000f\000o\000r\000m\000a\000s\000\040\000q\000u\000a\000d\000r\000\341\000t\000i\000c\000a\000s}{chapter.4}% 33
\BOOKMARK [0][-]{chapter.5}{\376\377\000R\000e\000g\000r\000e\000s\000s\000\343\000o}{}% 34
\BOOKMARK [0][-]{chapter.6}{\376\377\000I\000n\000f\000e\000r\000\352\000n\000c\000i\000a\000\040\000B\000a\000y\000e\000s\000i\000a\000n\000a}{}% 35
\BOOKMARK [0][-]{chapter.7}{\376\377\000P\000r\000o\000b\000a\000b\000i\000l\000i\000d\000a\000d\000e\000\040\000A\000v\000a\000n\000\347\000a\000d\000a}{}% 36
\BOOKMARK [1][-]{section.7.1}{\376\377\000T\000e\000o\000r\000i\000a\000\040\000d\000e\000\040\000c\000o\000n\000j\000u\000n\000t\000o\000s}{chapter.7}% 37
\BOOKMARK [1][-]{section.7.2}{\376\377\000F\000u\000n\000\347\000\365\000e\000s}{chapter.7}% 38
\BOOKMARK [1][-]{section.7.3}{\376\377\000N\000o\000\347\000\365\000e\000s\000\040\000d\000e\000\040\000c\000a\000r\000d\000i\000n\000a\000l\000i\000d\000a\000d\000e}{chapter.7}% 39
\BOOKMARK [1][-]{section.7.4}{\376\377\000V\000a\000l\000o\000r\000\040\000a\000b\000s\000o\000l\000u\000t\000o}{chapter.7}% 40
\BOOKMARK [1][-]{section.7.5}{\376\377\000S\000e\000q\000u\000\352\000n\000c\000i\000a\000s\000\040\000d\000e\000\040\000n\000\372\000m\000e\000r\000o\000s\000\040\000r\000e\000a\000i\000s}{chapter.7}% 41
\BOOKMARK [1][-]{section.7.6}{\376\377\000S\000e\000q\000u\000\352\000n\000c\000i\000a\000s\000\040\000d\000e\000\040\000c\000o\000n\000j\000u\000n\000t\000o\000s}{chapter.7}% 42
\BOOKMARK [1][-]{section.7.7}{\376\377\000C\000l\000a\000s\000s\000e\000s\000\040\000d\000e\000\040\000S\000u\000b\000c\000o\000n\000j\000u\000n\000t\000o\000s}{chapter.7}% 43
\BOOKMARK [1][-]{section.7.8}{\376\377\000M\000e\000d\000i\000d\000a}{chapter.7}% 44
\BOOKMARK [1][-]{section.7.9}{\376\377\000P\000r\000o\000b\000a\000b\000i\000l\000i\000d\000a\000d\000e}{chapter.7}% 45
\BOOKMARK [2][-]{subsection.7.9.1}{\376\377\000C\000o\000n\000v\000e\000r\000g\000\352\000n\000c\000i\000a}{section.7.9}% 46
\BOOKMARK [1][-]{section.7.10}{\376\377\000T\000r\000a\000n\000s\000f\000o\000r\000m\000a\000\347\000\365\000e\000s\000\040\000m\000e\000n\000s\000u\000r\000\341\000v\000e\000i\000s}{chapter.7}% 47
\BOOKMARK [1][-]{section.7.11}{\376\377\000V\000a\000r\000i\000\341\000v\000e\000i\000s\000\040\000a\000l\000e\000a\000t\000\363\000r\000i\000a\000s}{chapter.7}% 48
\BOOKMARK [1][-]{section.7.12}{\376\377\000E\000s\000p\000e\000r\000a\000n\000\347\000a}{chapter.7}% 49
\BOOKMARK [2][-]{subsection.7.12.1}{\376\377\000V\000a\000r\000i\000\341\000v\000e\000l\000\040\000a\000l\000e\000a\000t\000\363\000r\000i\000a\000\040\000s\000i\000m\000p\000l\000e\000s}{section.7.12}% 50
\BOOKMARK [2][-]{subsection.7.12.2}{\376\377\000V\000a\000r\000i\000\341\000v\000e\000l\000\040\000a\000l\000e\000a\000t\000\363\000r\000i\000a\000\040\000n\000\343\000o\000\040\000n\000e\000g\000a\000t\000i\000v\000a}{section.7.12}% 51
\BOOKMARK [2][-]{subsection.7.12.3}{\376\377\000V\000a\000r\000i\000\341\000v\000e\000l\000\040\000a\000l\000e\000a\000t\000\363\000r\000i\000a\000\040\000i\000n\000t\000e\000g\000r\000\341\000v\000e\000l}{section.7.12}% 52
\BOOKMARK [1][-]{section.7.13}{\376\377\000M\000e\000d\000i\000d\000a\000\040\000d\000e\000\040\000P\000r\000o\000b\000a\000b\000i\000l\000i\000d\000a\000d\000e\000\040\000P\000r\000o\000d\000u\000t\000o}{chapter.7}% 53
\BOOKMARK [2][-]{subsection.7.13.1}{\376\377\000V\000e\000t\000o\000r\000e\000s\000\040\000a\000l\000e\000a\000t\000\363\000r\000i\000o\000s}{section.7.13}% 54
\BOOKMARK [2][-]{subsection.7.13.2}{\376\377\000M\000e\000d\000i\000d\000a\000\040\000p\000r\000o\000d\000u\000t\000o}{section.7.13}% 55
\BOOKMARK [1][-]{section.7.14}{\376\377\000I\000n\000d\000e\000p\000e\000n\000d\000\352\000n\000c\000i\000a}{chapter.7}% 56
\BOOKMARK [2][-]{subsection.7.14.1}{\376\377\000E\000v\000e\000n\000t\000o\000s}{section.7.14}% 57
\BOOKMARK [2][-]{subsection.7.14.2}{\376\377\000C\000l\000a\000s\000s\000e\000s\000\040\000d\000e\000\040\000e\000v\000e\000n\000t\000o\000s}{section.7.14}% 58
\BOOKMARK [2][-]{subsection.7.14.3}{\376\377\000V\000a\000r\000i\000\341\000v\000e\000i\000s\000\040\000a\000l\000e\000a\000t\000\363\000r\000i\000a\000s}{section.7.14}% 59
\BOOKMARK [2][-]{subsection.7.14.4}{\376\377\000T\000e\000o\000r\000e\000m\000a\000s}{section.7.14}% 60
\BOOKMARK [1][-]{section.7.15}{\376\377\000C\000o\000n\000v\000e\000r\000g\000\352\000n\000c\000i\000a}{chapter.7}% 61
\BOOKMARK [2][-]{subsection.7.15.1}{\376\377\000D\000e\000f\000i\000n\000i\000\347\000\365\000e\000s}{section.7.15}% 62
\BOOKMARK [2][-]{subsection.7.15.2}{\376\377\000T\000e\000o\000r\000e\000m\000a\000s}{section.7.15}% 63
\BOOKMARK [2][-]{subsection.7.15.3}{\376\377\000D\000e\000s\000i\000g\000u\000a\000l\000d\000a\000d\000e\000s}{section.7.15}% 64
\BOOKMARK [2][-]{subsection.7.15.4}{\376\377\000C\000o\000v\000a\000r\000i\000\342\000n\000c\000i\000a\000\040\000e\000\040\000V\000a\000r\000i\000\342\000n\000c\000i\000a}{section.7.15}% 65
\BOOKMARK [2][-]{subsection.7.15.5}{\376\377\000L\000e\000i\000s\000\040\000d\000o\000s\000\040\000G\000r\000a\000n\000d\000e\000s\000\040\000N\000\372\000m\000e\000r\000o\000s}{section.7.15}% 66
